<!doctype html public "-//w3c//dtd html 4.0 transitional//en">
<html><head>
<title>Static Call Graph - [F:\230953254_Akash\KeilProject\Akash230953254.axf]</title></head>
<body><HR>
<H1>Static Call Graph for image F:\230953254_Akash\KeilProject\Akash230953254.axf</H1><HR>
<BR><P>#&#060CALLGRAPH&#062# ARM Linker, 5.03 [Build 24]: Last Updated: Thu Aug 07 10:14:05 2025
<BR><P>
<H3>Maximum Stack Usage =          0 bytes + Unknown(Functions without stacksize, Untraceable Function Pointers)</H3><H3>
Call chain for Maximum Stack Depth:</H3>

<P>
<H3>
Functions with no stack information
</H3><UL>
 <LI><a href="#[2]">__L3Q1A</a>
 <LI><a href="#[3]">__L3Q1B</a>
 <LI><a href="#[1]">Reset_Handler</a>
</UL>
</UL>
<P>
<H3>
Function Pointers
</H3><UL>
 <LI><a href="#[1]">Reset_Handler</a> from lab01.o(mycode) referenced from lab01.o(RESEST)
</UL>
<P>
<H3>
Global Symbols
</H3>
<P><STRONG><a name="[2]"></a>__L3Q1A</STRONG> (Thumb, 0 bytes, Stack size unknown bytes, l2q1a.o(MyCode))

<P><STRONG><a name="[3]"></a>__L3Q1B</STRONG> (Thumb, 0 bytes, Stack size unknown bytes, l2q1b.o(MyCode))

<P><STRONG><a name="[1]"></a>Reset_Handler</STRONG> (Thumb, 0 bytes, Stack size unknown bytes, lab01.o(mycode))
<P>
<H3>
Local Symbols
</H3><P>
<H3>
Undefined Global Symbols
</H3><HR></body></html>
