ARM Linker, 5.03 [Build 24] [MDK-ARM Lite]

==============================================================================

Section Cross References

    l2q1a.o(MyCode) refers to l2q1a.o(MyData) for DST
    l2q1b.o(MyCode) refers to l2q1b.o(MyData) for DST
    lab01.o(RESEST) refers to lab01.o(mycode) for Reset_Handler


==============================================================================

Removing Unused input sections from the image.

    Removing lab01.o(DATASEG), (4 bytes).

1 unused section(s) (total 4 bytes) removed from the image.

==============================================================================

Image Symbol Table

    Local Symbols

    Symbol Name                              Value     Ov Type        Size  Object(Section)

    RESEST                                   0x00000000   Section        8  lab01.o(RESEST)
    L2Q1A.s                                  0x00000000   Number         0  l2q1a.o ABSOLUTE
    L2Q1B.s                                  0x00000000   Number         0  l2q1b.o ABSOLUTE
    L3Q1.s                                   0x00000000   Number         0  l3q1.o ABSOLUTE
    LAB01.s                                  0x00000000   Number         0  lab01.o ABSOLUTE
    MyCode                                   0x00000008   Section       72  l2q1a.o(MyCode)
    SRC                                      0x00000020   Data          40  l2q1a.o(MyCode)
    MyCode                                   0x00000050   Section       80  l2q1b.o(MyCode)
    SRC                                      0x00000070   Data          40  l2q1b.o(MyCode)
    mycode                                   0x000000a0   Section       16  lab01.o(mycode)
    somevar                                  0x000000a8   Data           4  lab01.o(mycode)
    MyData                                   0x10000000   Section       40  l2q1a.o(MyData)
    DST                                      0x10000000   Data          40  l2q1a.o(MyData)
    MyData                                   0x10000028   Section       40  l2q1b.o(MyData)
    DST                                      0x10000028   Data          40  l2q1b.o(MyData)

    Global Symbols

    Symbol Name                              Value     Ov Type        Size  Object(Section)

    BuildAttributes$$THM_ISAv4$P$D$K$B$S$PE$A:L22UL41UL21$X:L11$S22US41US21$IEEE1$IW$USESV6$~STKCKD$USESV7$~SHL$OSPACE$EBA8$STANDARDLIB$PRES8$EABIv2 0x00000000   Number         0  anon$$obj.o ABSOLUTE
    __Vectors                                0x00000000   Data           0  lab01.o(RESEST)
    __L3Q1A                                  0x00000009   Thumb Code     0  l2q1a.o(MyCode)
    __L3Q1B                                  0x00000051   Thumb Code     0  l2q1b.o(MyCode)
    Reset_Handler                            0x000000a1   Thumb Code     0  lab01.o(mycode)



==============================================================================

Memory Map of the image

  Image Entry point : 0x000000a1

  Load Region LR_1 (Base: 0x00000000, Size: 0x00000100, Max: 0xffffffff, ABSOLUTE)

    Execution Region ER_RO (Base: 0x00000000, Size: 0x000000b0, Max: 0xffffffff, ABSOLUTE)

    Base Addr    Size         Type   Attr      Idx    E Section Name        Object

    0x00000000   0x00000008   Data   RO           11    RESEST              lab01.o
    0x00000008   0x00000048   Code   RO            1  * MyCode              l2q1a.o
    0x00000050   0x00000050   Code   RO            7  * MyCode              l2q1b.o
    0x000000a0   0x00000010   Code   RO           12  * mycode              lab01.o


    Execution Region ER_RW (Base: 0x10000000, Size: 0x00000050, Max: 0xffffffff, ABSOLUTE)

    Base Addr    Size         Type   Attr      Idx    E Section Name        Object

    0x10000000   0x00000028   Data   RW            2    MyData              l2q1a.o
    0x10000028   0x00000028   Data   RW            8    MyData              l2q1b.o


    Execution Region ER_ZI (Base: 0x10000050, Size: 0x00000000, Max: 0xffffffff, ABSOLUTE)

    **** No section assigned to this execution region ****


==============================================================================

Image component sizes


      Code (inc. data)   RO Data    RW Data    ZI Data      Debug   Object Name

        72         50          0         40          0        188   l2q1a.o
        80         50          0         40          0        160   l2q1b.o
        16          8          8          0          0        156   lab01.o

    ----------------------------------------------------------------------
       168        108          8         80          0        504   Object Totals
         0          0          0          0          0          0   (incl. Generated)
         0          0          0          0          0          0   (incl. Padding)

    ----------------------------------------------------------------------
         0          0          0          0          0          0   Library Totals
         0          0          0          0          0          0   (incl. Padding)

    ----------------------------------------------------------------------

==============================================================================


      Code (inc. data)   RO Data    RW Data    ZI Data      Debug   

       168        108          8         80          0        504   Grand Totals
       168        108          8         80          0        504   ELF Image Totals
       168        108          8         80          0          0   ROM Totals

==============================================================================

    Total RO  Size (Code + RO Data)                  176 (   0.17kB)
    Total RW  Size (RW Data + ZI Data)                80 (   0.08kB)
    Total ROM Size (Code + RO Data + RW Data)        256 (   0.25kB)

==============================================================================

