ARM Linker, 5.03 [Build 24] [MDK-ARM Lite]

==============================================================================

Section Cross References

    lab01.o(RESEST) refers to lab01.o(mycode) for Reset_Handler


==============================================================================

Removing Unused input sections from the image.

    Removing lab01.o(DATASEG), (4 bytes).

1 unused section(s) (total 4 bytes) removed from the image.

==============================================================================

Image Symbol Table

    Local Symbols

    Symbol Name                              Value     Ov Type        Size  Object(Section)

    RESEST                                   0x00000000   Section        8  lab01.o(RESEST)
    LAB01.s                                  0x00000000   Number         0  lab01.o ABSOLUTE
    mycode                                   0x00000008   Section       16  lab01.o(mycode)
    nigg8u                                   0x00000010   Data           4  lab01.o(mycode)

    Global Symbols

    Symbol Name                              Value     Ov Type        Size  Object(Section)

    BuildAttributes$$THM_ISAv4$P$D$K$B$S$PE$A:L22UL41UL21$X:L11$S22US41US21$IEEE1$IW$USESV6$~STKCKD$USESV7$~SHL$OSPACE$EBA8$STANDARDLIB$PRES8$EABIv2 0x00000000   Number         0  anon$$obj.o ABSOLUTE
    __Vectors                                0x00000000   Data           0  lab01.o(RESEST)
    Reset_Handler                            0x00000009   Thumb Code     0  lab01.o(mycode)



==============================================================================

Memory Map of the image

  Image Entry point : 0x00000009

  Load Region LR_1 (Base: 0x00000000, Size: 0x00000018, Max: 0xffffffff, ABSOLUTE)

    Execution Region ER_RO (Base: 0x00000000, Size: 0x00000018, Max: 0xffffffff, ABSOLUTE)

    Base Addr    Size         Type   Attr      Idx    E Section Name        Object

    0x00000000   0x00000008   Data   RO            1    RESEST              lab01.o
    0x00000008   0x00000010   Code   RO            2  * mycode              lab01.o


    Execution Region ER_RW (Base: 0x10000000, Size: 0x00000000, Max: 0xffffffff, ABSOLUTE)

    **** No section assigned to this execution region ****


    Execution Region ER_ZI (Base: 0x10000000, Size: 0x00000000, Max: 0xffffffff, ABSOLUTE)

    **** No section assigned to this execution region ****


==============================================================================

Image component sizes


      Code (inc. data)   RO Data    RW Data    ZI Data      Debug   Object Name

        16          8          8          0          0        176   lab01.o

    ----------------------------------------------------------------------
        16          8          8          0          0        176   Object Totals
         0          0          0          0          0          0   (incl. Generated)
         0          0          0          0          0          0   (incl. Padding)

    ----------------------------------------------------------------------
         0          0          0          0          0          0   Library Totals
         0          0          0          0          0          0   (incl. Padding)

    ----------------------------------------------------------------------

==============================================================================


      Code (inc. data)   RO Data    RW Data    ZI Data      Debug   

        16          8          8          0          0        176   Grand Totals
        16          8          8          0          0        176   ELF Image Totals
        16          8          8          0          0          0   ROM Totals

==============================================================================

    Total RO  Size (Code + RO Data)                   24 (   0.02kB)
    Total RW  Size (RW Data + ZI Data)                 0 (   0.00kB)
    Total ROM Size (Code + RO Data + RW Data)         24 (   0.02kB)

==============================================================================

