


ARM Macro Assembler    Page 1 


    1 00000000                 AREA             RESEST, DATA, READONLY
    2 00000000                 EXPORT           __Vectors
    3 00000000         
    4 00000000         __Vectors
    5 00000000 10001000        DCD              0x10001000
    6 00000004 00000000        DCD              Reset_Handler
    7 00000008         
    8 00000008                 ALIGN
    9 00000008         
   10 00000008                 AREA             mycode, CODE, READONLY
   11 00000000                 ENTRY
   12 00000000                 EXPORT           Reset_Handler
   13 00000000         
   14 00000000         Reset_Handler
   15 00000000 4802            LDR              R0, =nigg8u
   16 00000002 6801            LDR              R1, [R0]
   17 00000004 6001            STR              R1, [R0]
   18 00000006         
   19 00000006         STOP
   20 00000006 E7FE            B                STOP
   21 00000008         
   22 00000008 12345678 
                       nigg8u  DCD              0x12345678
   23 0000000C 00000000        AREA             DATASEG, DATA, READWRITE
   24 00000000         
   25 00000000 00000000 
                       DST     DCD              0
   26 00000004                 END
Command Line: --debug --xref --cpu=Cortex-M3 --apcs=interwork --depend=LAB01.d 
-oLAB01.o -IC:\Keil\ARM\RV31\INC -IC:\Keil\ARM\CMSIS\Include -IC:\Keil\ARM\Inc\
NXP\LPC17xx --predefine="__EVAL SETA 1" --list=LAB01.lst LAB01.s



ARM Macro Assembler    Page 1 Alphabetic symbol ordering
Relocatable symbols

RESEST 00000000

Symbol: RESEST
   Definitions
      At line 1 in file LAB01.s
   Uses
      None
Comment: RESEST unused
__Vectors 00000000

Symbol: __Vectors
   Definitions
      At line 4 in file LAB01.s
   Uses
      At line 2 in file LAB01.s
Comment: __Vectors used once
2 symbols



ARM Macro Assembler    Page 1 Alphabetic symbol ordering
Relocatable symbols

Reset_Handler 00000000

Symbol: Reset_Handler
   Definitions
      At line 14 in file LAB01.s
   Uses
      At line 6 in file LAB01.s
      At line 12 in file LAB01.s

STOP 00000006

Symbol: STOP
   Definitions
      At line 19 in file LAB01.s
   Uses
      At line 20 in file LAB01.s
Comment: STOP used once
mycode 00000000

Symbol: mycode
   Definitions
      At line 10 in file LAB01.s
   Uses
      None
Comment: mycode unused
nigg8u 00000008

Symbol: nigg8u
   Definitions
      At line 22 in file LAB01.s
   Uses
      At line 15 in file LAB01.s
Comment: nigg8u used once
4 symbols



ARM Macro Assembler    Page 1 Alphabetic symbol ordering
Relocatable symbols

DATASEG 00000000

Symbol: DATASEG
   Definitions
      At line 23 in file LAB01.s
   Uses
      None
Comment: DATASEG unused
DST 00000000

Symbol: DST
   Definitions
      At line 25 in file LAB01.s
   Uses
      None
Comment: DST unused
2 symbols
341 symbols in table
